This is pdfTeX, Version 3.141592653-2.6-1.40.29 (TeX Live 2026) (preloaded format=pdflatex)
 restricted \write18 enabled.
entering extended mode

(/mnt/shared/ww/ovimap-samv-local-probe-v1/attempt_001/visual_qa/tables_preview
.tex
LaTeX2e <2026-06-01>
L3 programming layer <2026-06-18>
(/home/ww/.local/texlive/2026/texmf-dist/tex/latex/base/article.cls
Document Class: article 2025/01/22 v1.4n Standard LaTeX document class
(/home/ww/.local/texlive/2026/texmf-dist/tex/latex/base/size10.clo))
(/home/ww/.local/texlive/2026/texmf-dist/tex/latex/geometry/geometry.sty
(/home/ww/.local/texlive/2026/texmf-dist/tex/latex/graphics/keyval.sty)
(/home/ww/.local/texlive/2026/texmf-dist/tex/generic/iftex/ifvtex.sty
(/home/ww/.local/texlive/2026/texmf-dist/tex/generic/iftex/iftex.sty)))
(/home/ww/.local/texlive/2026/texmf-dist/tex/latex/booktabs/booktabs.sty)
(/home/ww/.local/texlive/2026/texmf-dist/tex/latex/graphics/graphicx.sty
(/home/ww/.local/texlive/2026/texmf-dist/tex/latex/graphics/graphics.sty
(/home/ww/.local/texlive/2026/texmf-dist/tex/latex/graphics/trig.sty)
(/home/ww/.local/texlive/2026/texmf-dist/tex/latex/graphics-cfg/graphics.cfg)
(/home/ww/.local/texlive/2026/texmf-dist/tex/latex/graphics-def/pdftex.def)))
(/home/ww/.local/texlive/2026/texmf-dist/tex/latex/l3backend/l3backend-pdftex.d
ef)
No file tables_preview.aux.
*geometry* driver: auto-detecting
*geometry* detected driver: pdftex
(/home/ww/.local/texlive/2026/texmf-dist/tex/context/base/mkii/supp-pdf.mkii
[Loading MPS to PDF converter (version 2006.09.02).]
)
(/home/ww/.local/texlive/2026/texmf-dist/tex/latex/epstopdf-pkg/epstopdf-base.s
ty
(/home/ww/.local/texlive/2026/texmf-dist/tex/latex/latexconfig/epstopdf-sys.cfg
)) [1{/home/ww/.local/texlive/2026/texmf-var/fonts/map/pdftex/updmap/pdftex.map
}] [2] [3] [4]
(/mnt/shared/ww/ovimap-samv-local-probe-v1/attempt_001/visual_qa/tables_preview
.aux) )</home/ww/.local/texlive/2026/texmf-dist/fonts/type1/public/amsfonts/cm/
cmbx12.pfb></home/ww/.local/texlive/2026/texmf-dist/fonts/type1/public/amsfonts
/cm/cmr10.pfb>
Output written on /mnt/shared/ww/ovimap-samv-local-probe-v1/attempt_001/visual_
qa/tables_preview.pdf (4 pages, 38408 bytes).
Transcript written on /mnt/shared/ww/ovimap-samv-local-probe-v1/attempt_001/vis
ual_qa/tables_preview.log.
